// Vitest Snapshot v1, https://vitest.dev/guide/snapshot.html

exports[`getAssetsFromResponse > should return a list of assets 1`] = `
[
  {
    "description": "New ABC 13 9370, 13.3, 5th Gen CoreA5-8250U, 8GB RAM, 256GB SSD, power UHD Graphics, OS 10 Home, OS Office A & J 2016",
    "id": "0cf84d21-ea2c-4dbe-8336-85d544e7281d",
    "image": null,
    "name": "Practical Granite Keyboard",
    "symbol": "TAS",
  },
  {
    "description": "The Apollotech B340 is an affordable wireless mouse with reliable connectivity, 12 months battery life and modern design",
    "id": "dcaa170f-2189-4745-a6ce-d47a41ef27d0",
    "image": null,
    "name": "Licensed Concrete Fish",
    "symbol": "AWE",
  },
  {
    "description": "The automobile layout consists of a front-engine design, with transaxle-type transmissions mounted at the rear of the engine and four wheel drive",
    "id": "766eb696-4d4e-44c9-8af8-db0d72705666",
    "image": null,
    "name": "Tasty Concrete Chips",
    "symbol": "INC",
  },
  {
    "description": "The Football Is Good For Training And Recreational Purposes",
    "id": "0f1a2f72-5144-462d-bbda-abef1b73a50e",
    "image": null,
    "name": "Generic Metal Shirt",
    "symbol": "SMA",
  },
  {
    "description": "Bostons most advanced compression wear technology increases muscle oxygenation, stabilizes active muscles",
    "id": "e5963c7f-dfc9-48ec-b396-92b271f33a44",
    "image": null,
    "name": "Refined Fresh Shirt",
    "symbol": "FAN",
  },
  {
    "description": "New range of formal shirts are designed keeping you in mind. With fits and styling that will make you stand apart",
    "id": "9fb722ac-277f-439b-8be0-058186974372",
    "image": null,
    "name": "Licensed Metal Chips",
    "symbol": "TAS",
  },
  {
    "description": "Ergonomic executive chair upholstered in bonded black leather and PVC padded seat and back for all-day comfort and support",
    "id": "c083920a-55d9-4061-aeb6-20e956558735",
    "image": null,
    "name": "Awesome Rubber Salad",
    "symbol": "TAS",
  },
  {
    "description": "Bostons most advanced compression wear technology increases muscle oxygenation, stabilizes active muscles",
    "id": "6b50fd9e-d078-4395-9834-d6be653cfe42",
    "image": null,
    "name": "Rustic Concrete Chips",
    "symbol": "HAN",
  },
  {
    "description": "New range of formal shirts are designed keeping you in mind. With fits and styling that will make you stand apart",
    "id": "a0c6789a-30eb-4cfd-9a73-0a4ebaa497a4",
    "image": null,
    "name": "Handcrafted Wooden Gloves",
    "symbol": "RUS",
  },
  {
    "description": "The Apollotech B340 is an affordable wireless mouse with reliable connectivity, 12 months battery life and modern design",
    "id": "750537d9-a1e4-4696-892c-68cb6df0f25c",
    "image": null,
    "name": "Unbranded Granite Chicken",
    "symbol": "TAS",
  },
]
`;
