// Vitest Snapshot v1, https://vitest.dev/guide/snapshot.html

exports[`generateAssetResponseList > should generate a list of assets 1`] = `
{
  "cursor": "123",
  "items": [
    {
      "burnt": false,
      "content": {
        "$schema": "https://schema.dexscreener.com/asset.schema.json",
        "json_uri": "https://schema.dexscreener.com/asset.schema.json",
        "metadata": {
          "description": "New ABC 13 9370, 13.3, 5th Gen CoreA5-8250U, 8GB RAM, 256GB SSD, power UHD Graphics, OS 10 Home, OS Office A & J 2016",
          "name": "Practical Granite Keyboard",
          "symbol": "TAS",
        },
      },
      "id": "0cf84d21-ea2c-4dbe-8336-85d544e7281d",
      "interface": "V1_NFT",
      "mutable": true,
      "ownership": {
        "delegate": undefined,
        "delegated": false,
        "frozen": false,
        "owner": "9e834d8e-58e5-4c10-adad-7426e48117f4",
        "ownership_model": "single",
      },
    },
    {
      "burnt": false,
      "content": {
        "$schema": "https://schema.dexscreener.com/asset.schema.json",
        "json_uri": "https://schema.dexscreener.com/asset.schema.json",
        "metadata": {
          "description": "The Apollotech B340 is an affordable wireless mouse with reliable connectivity, 12 months battery life and modern design",
          "name": "Licensed Concrete Fish",
          "symbol": "AWE",
        },
      },
      "id": "dcaa170f-2189-4745-a6ce-d47a41ef27d0",
      "interface": "V1_NFT",
      "mutable": true,
      "ownership": {
        "delegate": undefined,
        "delegated": false,
        "frozen": false,
        "owner": "27a1fcfd-02d5-46d3-adb8-944cb6932db5",
        "ownership_model": "single",
      },
    },
    {
      "burnt": false,
      "content": {
        "$schema": "https://schema.dexscreener.com/asset.schema.json",
        "json_uri": "https://schema.dexscreener.com/asset.schema.json",
        "metadata": {
          "description": "The automobile layout consists of a front-engine design, with transaxle-type transmissions mounted at the rear of the engine and four wheel drive",
          "name": "Tasty Concrete Chips",
          "symbol": "INC",
        },
      },
      "id": "766eb696-4d4e-44c9-8af8-db0d72705666",
      "interface": "V1_NFT",
      "mutable": true,
      "ownership": {
        "delegate": undefined,
        "delegated": false,
        "frozen": false,
        "owner": "58cb56c9-dd3f-44fd-8f4b-d821d2a605e7",
        "ownership_model": "single",
      },
    },
    {
      "burnt": false,
      "content": {
        "$schema": "https://schema.dexscreener.com/asset.schema.json",
        "json_uri": "https://schema.dexscreener.com/asset.schema.json",
        "metadata": {
          "description": "The Football Is Good For Training And Recreational Purposes",
          "name": "Generic Metal Shirt",
          "symbol": "SMA",
        },
      },
      "id": "0f1a2f72-5144-462d-bbda-abef1b73a50e",
      "interface": "V1_NFT",
      "mutable": true,
      "ownership": {
        "delegate": undefined,
        "delegated": false,
        "frozen": false,
        "owner": "6910dee7-6cbd-4688-9d29-19c4bbe5b1e9",
        "ownership_model": "single",
      },
    },
    {
      "burnt": false,
      "content": {
        "$schema": "https://schema.dexscreener.com/asset.schema.json",
        "json_uri": "https://schema.dexscreener.com/asset.schema.json",
        "metadata": {
          "description": "Bostons most advanced compression wear technology increases muscle oxygenation, stabilizes active muscles",
          "name": "Refined Fresh Shirt",
          "symbol": "FAN",
        },
      },
      "id": "e5963c7f-dfc9-48ec-b396-92b271f33a44",
      "interface": "V1_NFT",
      "mutable": true,
      "ownership": {
        "delegate": undefined,
        "delegated": false,
        "frozen": false,
        "owner": "09e78b44-3282-4048-a405-8c14646815a5",
        "ownership_model": "single",
      },
    },
    {
      "burnt": false,
      "content": {
        "$schema": "https://schema.dexscreener.com/asset.schema.json",
        "json_uri": "https://schema.dexscreener.com/asset.schema.json",
        "metadata": {
          "description": "New range of formal shirts are designed keeping you in mind. With fits and styling that will make you stand apart",
          "name": "Licensed Metal Chips",
          "symbol": "TAS",
        },
      },
      "id": "9fb722ac-277f-439b-8be0-058186974372",
      "interface": "V1_NFT",
      "mutable": true,
      "ownership": {
        "delegate": undefined,
        "delegated": false,
        "frozen": false,
        "owner": "c6c78e65-0c79-4c23-b92d-3e7e59d645c6",
        "ownership_model": "single",
      },
    },
    {
      "burnt": false,
      "content": {
        "$schema": "https://schema.dexscreener.com/asset.schema.json",
        "json_uri": "https://schema.dexscreener.com/asset.schema.json",
        "metadata": {
          "description": "Ergonomic executive chair upholstered in bonded black leather and PVC padded seat and back for all-day comfort and support",
          "name": "Awesome Rubber Salad",
          "symbol": "TAS",
        },
      },
      "id": "c083920a-55d9-4061-aeb6-20e956558735",
      "interface": "V1_NFT",
      "mutable": true,
      "ownership": {
        "delegate": undefined,
        "delegated": false,
        "frozen": false,
        "owner": "2c0bb8ab-6d3f-464d-9855-4d99d4a1a1bf",
        "ownership_model": "single",
      },
    },
    {
      "burnt": false,
      "content": {
        "$schema": "https://schema.dexscreener.com/asset.schema.json",
        "json_uri": "https://schema.dexscreener.com/asset.schema.json",
        "metadata": {
          "description": "Bostons most advanced compression wear technology increases muscle oxygenation, stabilizes active muscles",
          "name": "Rustic Concrete Chips",
          "symbol": "HAN",
        },
      },
      "id": "6b50fd9e-d078-4395-9834-d6be653cfe42",
      "interface": "V1_NFT",
      "mutable": true,
      "ownership": {
        "delegate": undefined,
        "delegated": false,
        "frozen": false,
        "owner": "e62a5d68-0c64-4507-a338-462499f29068",
        "ownership_model": "single",
      },
    },
    {
      "burnt": false,
      "content": {
        "$schema": "https://schema.dexscreener.com/asset.schema.json",
        "json_uri": "https://schema.dexscreener.com/asset.schema.json",
        "metadata": {
          "description": "New range of formal shirts are designed keeping you in mind. With fits and styling that will make you stand apart",
          "name": "Handcrafted Wooden Gloves",
          "symbol": "RUS",
        },
      },
      "id": "a0c6789a-30eb-4cfd-9a73-0a4ebaa497a4",
      "interface": "V1_NFT",
      "mutable": true,
      "ownership": {
        "delegate": undefined,
        "delegated": false,
        "frozen": false,
        "owner": "7fc8690e-70ae-44c1-bece-0b7e2aad637c",
        "ownership_model": "single",
      },
    },
    {
      "burnt": false,
      "content": {
        "$schema": "https://schema.dexscreener.com/asset.schema.json",
        "json_uri": "https://schema.dexscreener.com/asset.schema.json",
        "metadata": {
          "description": "The Apollotech B340 is an affordable wireless mouse with reliable connectivity, 12 months battery life and modern design",
          "name": "Unbranded Granite Chicken",
          "symbol": "TAS",
        },
      },
      "id": "750537d9-a1e4-4696-892c-68cb6df0f25c",
      "interface": "V1_NFT",
      "mutable": true,
      "ownership": {
        "delegate": undefined,
        "delegated": false,
        "frozen": false,
        "owner": "bee2b393-adfc-476b-b6e3-07ab05a2c746",
        "ownership_model": "single",
      },
    },
  ],
  "limit": 10,
  "total": 10,
}
`;
