// Vitest Snapshot v1, https://vitest.dev/guide/snapshot.html

exports[`searchAssestsHandler > should return a list of assets 1`] = `
{
  "cursor": "1v4gZJygkWCYCUw2KcGuGjWnomDj4WC8c3CjC21sFYg",
  "items": [
    {
      "authorities": [
        {
          "address": "HvGw1spwhqyVf8MwTHFRFGnYgoaDHfiJ7fRicV3f7rDy",
          "scopes": [
            "full",
          ],
        },
      ],
      "burnt": false,
      "compression": {
        "asset_hash": "GREnhXWqyfBF82xYWvmbYjPLfR6pnNf3Vb1N6TtDUqr",
        "compressed": true,
        "creator_hash": "6d6nGWrnCZpd6ftHWZsg9ot4SzULcFb6DtYZ2AmKoevj",
        "data_hash": "HP9dsHkctqY1X9BuMhjuzL7ieJsQDbAkrXRmWmgtvsEq",
        "eligible": false,
        "leaf_id": 726568,
        "seq": 730110,
        "tree": "1cN4VWBSgbog9Cwg5WN8xg2RWviiRnNZqouqReERXtr",
      },
      "content": {
        "$schema": "https://schema.metaplex.com/nft1.0.json",
        "files": [
          {
            "cdn_uri": "https://cdn.helius-rpc.com/cdn-cgi/image//https://arweave.net/vbmVj8gFvSAPeHNneUBdONOb1IIJwX2AAsG5fksCIoM?ext=jpg",
            "mime": "image/jpeg",
            "uri": "https://arweave.net/vbmVj8gFvSAPeHNneUBdONOb1IIJwX2AAsG5fksCIoM?ext=jpg",
          },
          {
            "cdn_uri": "https://cdn.helius-rpc.com/cdn-cgi/image//",
            "mime": "image/png",
            "uri": "",
          },
        ],
        "json_uri": "https://arweave.net/im9VKeI8aMRklmdi0V9EISGoTMYHD3EKx7ISzTS062c",
        "links": {
          "animation_url": "",
          "external_url": "https://drip.haus/constantinenicholas",
          "image": "https://arweave.net/vbmVj8gFvSAPeHNneUBdONOb1IIJwX2AAsG5fksCIoM?ext=jpg",
        },
        "metadata": {
          "attributes": [
            {
              "trait_type": "Artist",
              "value": "Constantine Nicholas",
            },
            {
              "trait_type": "Drop",
              "value": "13",
            },
            {
              "trait_type": "Theme",
              "value": "Darkness = Light",
            },
            {
              "trait_type": "Rarity",
              "value": "Common",
            },
          ],
          "description": "when light comes lines fight",
          "name": "line fighter",
          "symbol": "",
          "token_standard": "NonFungible",
        },
      },
      "creators": [
        {
          "address": "DRiPPP2LytGjNZ5fVpdZS7Xi1oANSY3Df1gSxvUKpzny",
          "share": 0,
          "verified": true,
        },
        {
          "address": "WoMbXFtdfH8crq2Zi7bQhfGx2Gv8EN4saP13gcdUGog",
          "share": 13,
          "verified": false,
        },
        {
          "address": "5xS66V2VUsYCVszAvUtiV1uuEYxgwupoaGvHyk5iwXfe",
          "share": 87,
          "verified": false,
        },
      ],
      "grouping": [
        {
          "group_key": "collection",
          "group_value": "DmdAdnD5zGFoP29gazRSQNRJ7djM5fwDzzoUTtBqVCLj",
        },
      ],
      "id": "1v4jC2EFGGFid3hLqAgJLQbgum9prdsNBerg6bzzGGB",
      "interface": "V1_NFT",
      "mutable": true,
      "ownership": {
        "delegate": null,
        "delegated": false,
        "frozen": false,
        "owner": "2As1uoAzxiQ48GdViDfpU7tpZ5Be79C6gt4AkaHoVZZB",
        "ownership_model": "single",
      },
      "royalty": {
        "basis_points": 1150,
        "locked": false,
        "percent": 0.115,
        "primary_sale_happened": false,
        "royalty_model": "creators",
        "target": null,
      },
      "supply": {
        "edition_nonce": null,
        "print_current_supply": 0,
        "print_max_supply": 0,
      },
    },
    {
      "authorities": [
        {
          "address": "3NHFfpoP4UWii9TQt7FY5enoC8wE492WR3T6AvwgCBF2",
          "scopes": [
            "full",
          ],
        },
      ],
      "burnt": false,
      "compression": {
        "asset_hash": "4nF2TpQz4gttVvUpmxz5xM8WK1qeSbjvP8FZokPg5pZE",
        "compressed": true,
        "creator_hash": "9YwdPu6CfH8nVXzexXdPdAGWmxthrK4YbQpWCg9J1GfK",
        "data_hash": "7TirxLhvLtNkvRxGFzMM5Yd2D5gPw7suQ1ewyvxgrv9c",
        "eligible": false,
        "leaf_id": 1009109,
        "seq": 1010591,
        "tree": "E4Jdig6NR54rDTC7XP72aGrexmMe6bADc4RYqH3eJjYZ",
      },
      "content": {
        "$schema": "https://schema.metaplex.com/nft1.0.json",
        "files": [
          {
            "cdn_uri": "https://cdn.helius-rpc.com/cdn-cgi/image//https://nftstorage.link/ipfs/bafkreidtodw7bybpreonmcimnihylcj7ozev4qkkfxen6eiwmxdhwv2qw4",
            "mime": "image/png",
            "uri": "https://nftstorage.link/ipfs/bafkreidtodw7bybpreonmcimnihylcj7ozev4qkkfxen6eiwmxdhwv2qw4",
          },
        ],
        "json_uri": "https://nftstorage.link/ipfs/bafkreigehn4hyq7um5zo7qtwpnbdpptxdeodvsjdfujp72sjvuosfp62ya",
        "links": {
          "external_url": "https://wenwencoin.io",
          "image": "https://nftstorage.link/ipfs/bafkreidtodw7bybpreonmcimnihylcj7ozev4qkkfxen6eiwmxdhwv2qw4",
        },
        "metadata": {
          "attributes": [
            {
              "trait_type": "Amount",
              "value": "25,000,000 WEN ($3,859.79)",
            },
            {
              "trait_type": "Time Left",
              "value": "2 hours",
            },
            {
              "trait_type": "Website",
              "value": "wenwencoin.io",
            },
          ],
          "name": "üéÅRedeem NFT Voucher",
          "symbol": "",
          "token_standard": "NonFungible",
        },
      },
      "creators": [
        {
          "address": "3m5nBaiNEVKUZxAnEVWHbmLVLRbJGBqwoXvxpKssRJhD",
          "share": 100,
          "verified": false,
        },
      ],
      "grouping": [
        {
          "group_key": "collection",
          "group_value": "87uK5b1q6LguSXPfRxhkxyH1qXTf6T6yEtkSkMWaVk7r",
        },
      ],
      "id": "1v4j623YJVt3KmoJNdkwsxVnmwYvDAQyfnqoenHBm3R",
      "interface": "V1_NFT",
      "mutable": true,
      "ownership": {
        "delegate": null,
        "delegated": false,
        "frozen": false,
        "owner": "EuFyHAj53F5oTWQJnKnrQhNf9b6WoFaSZNgFguCdF3Jj",
        "ownership_model": "single",
      },
      "royalty": {
        "basis_points": 550,
        "locked": false,
        "percent": 0.055,
        "primary_sale_happened": false,
        "royalty_model": "creators",
        "target": null,
      },
      "supply": {
        "edition_nonce": null,
        "print_current_supply": 0,
        "print_max_supply": 0,
      },
    },
    {
      "authorities": [
        {
          "address": "BJhauEXby9LwNvKQXbgWArnJNqAeurj6NaVGMoGa6mtZ",
          "scopes": [
            "full",
          ],
        },
      ],
      "burnt": true,
      "compression": {
        "asset_hash": "9jbYnSjPWCHiyFGs6nQUrZBPtG91xZ95JA6zSVKZVoqE",
        "compressed": true,
        "creator_hash": "C8hCN7a1TYdxQatV8fGgJP6oLHYGYvjmcLvNHtcNUvG",
        "data_hash": "H6QXGBJu9QNwcLCayZkZYSEtDBomUhG8a6k8fZ4v7eqq",
        "eligible": false,
        "leaf_id": 1013,
        "seq": 173464,
        "tree": "4f7q7h6rg4FELW6FST7uBXYzSMvkFRKFSrM54JFvtkKC",
      },
      "content": {
        "$schema": "https://schema.metaplex.com/nft1.0.json",
        "files": [
          {
            "cdn_uri": "https://cdn.helius-rpc.com/cdn-cgi/image//https://bafybeigghckbabvou57x3kdy6xghqlhikwxocalnqmqeikmb4ug6czjy5m.ipfs.nftstorage.link/",
            "mime": "image/png",
            "uri": "https://bafybeigghckbabvou57x3kdy6xghqlhikwxocalnqmqeikmb4ug6czjy5m.ipfs.nftstorage.link/",
          },
        ],
        "json_uri": "https://bafkreicz3yspw5dzzbqnzfgxgx5wsdjgfoh4zx7uuk4t2zjx7iowmgspoq.ipfs.nftstorage.link/",
        "links": {
          "external_url": "",
          "image": "https://bafybeigghckbabvou57x3kdy6xghqlhikwxocalnqmqeikmb4ug6czjy5m.ipfs.nftstorage.link/",
        },
        "metadata": {
          "attributes": [
            {
              "trait_type": "DESCRIPTION",
              "value": "Visit wifdrop-claim.netlify.app to Claim Wif AirDrop",
            },
            {
              "trait_type": "STATUS",
              "value": "Verified",
            },
            {
              "trait_type": "TIME LEFT",
              "value": "23 minutes",
            },
          ],
          "description": "Visit wifdrop-claim.netlify.app to Claim Wif AirDrop",
          "name": "$WIF AirDrop",
          "symbol": "WIF",
          "token_standard": "NonFungible",
        },
      },
      "creators": [
        {
          "address": "AcrANiEJ8nvHKWCMPbpNZES6n5Kp4VhjAaxMycMkP57k",
          "share": 100,
          "verified": false,
        },
      ],
      "grouping": [
        {
          "group_key": "collection",
          "group_value": "8csE61r3XyQygwPe2dPD3Y1KTZ3JRzPKE1291Ah8xyNm",
        },
      ],
      "id": "1v4iq6mBPUwaGVzTWcrSrVc17pZnRxzwemp1Up69zsE",
      "interface": "V1_NFT",
      "mutable": true,
      "ownership": {
        "delegate": null,
        "delegated": false,
        "frozen": false,
        "owner": "2kw4Nnitgxk8Vt8Yiq8PtN1L6TEV2ZbFci3wXZmbR43z",
        "ownership_model": "single",
      },
      "royalty": {
        "basis_points": 100,
        "locked": false,
        "percent": 0.01,
        "primary_sale_happened": false,
        "royalty_model": "creators",
        "target": null,
      },
      "supply": {
        "edition_nonce": 0,
        "print_current_supply": 0,
        "print_max_supply": 0,
      },
    },
    {
      "authorities": [
        {
          "address": "D5iA8TLLwMZHQfTqYiKCMS5BU5xnSxRrcpRSZyeg6x91",
          "scopes": [
            "full",
          ],
        },
      ],
      "burnt": false,
      "compression": {
        "asset_hash": "Zyj26T4QBVkSmDvJBdETpSNVUZuCBf5skKSbs8b4obU",
        "compressed": true,
        "creator_hash": "EKDHSGbrGztomDfuiV4iqiZ6LschDJPsFiXjZ83f92Md",
        "data_hash": "HHWWwo5PN46NjVkUb1L5CfxN4XGQFxB2Vd1iqmtYczXK",
        "eligible": false,
        "leaf_id": 444372,
        "seq": 444382,
        "tree": "5j5q2mym9sqqPbHB2vMAcbU9Qz3n5vrTMahrSGuzm4tW",
      },
      "content": {
        "$schema": "https://schema.metaplex.com/nft1.0.json",
        "files": [
          {
            "cdn_uri": "https://cdn.helius-rpc.com/cdn-cgi/image//https://nftstorage.link/ipfs/bafybeigccp2l6nl2si7rl47htitddywnuj5quqp3prk33dp25ktngvk7n4",
            "mime": "image/gif",
            "uri": "https://nftstorage.link/ipfs/bafybeigccp2l6nl2si7rl47htitddywnuj5quqp3prk33dp25ktngvk7n4",
          },
        ],
        "json_uri": "https://nftstorage.link/ipfs/bafkreidqubfcxgvx5ry2qmax7y3yvjnagxcnhpwhyt56qvudxz4wgfq3ci",
        "links": {
          "external_url": "http://TAKESAGA.com",
          "image": "https://nftstorage.link/ipfs/bafybeigccp2l6nl2si7rl47htitddywnuj5quqp3prk33dp25ktngvk7n4",
        },
        "metadata": {
          "description": "Lucky Box event! http://TAKESAGA.com",
          "name": "1800$ Lucky Ticket TAKESAGA.com",
          "symbol": "SA",
          "token_standard": "NonFungible",
        },
      },
      "creators": [],
      "grouping": [
        {
          "group_key": "collection",
          "group_value": "BG5onh8q42NhNQ68DuLhzKwYsNQQinRGnBJrAJfYCpoE",
        },
      ],
      "id": "1v4iDtdYUjsosw766mbmc6YVz4iNG9HyxcrexhrNyWK",
      "interface": "V1_NFT",
      "mutable": false,
      "ownership": {
        "delegate": "5wckPMwQDNxKRDjJ1ZiKRgtBogvLtaHKoK5AGPr7V89D",
        "delegated": true,
        "frozen": false,
        "owner": "DjeZajpujHLZHLc6116r9Qt7ScAZYWUcUNN1WaqcZ9LM",
        "ownership_model": "single",
      },
      "royalty": {
        "basis_points": 0,
        "locked": false,
        "percent": 0,
        "primary_sale_happened": true,
        "royalty_model": "creators",
        "target": null,
      },
      "supply": {
        "edition_nonce": 0,
        "print_current_supply": 0,
        "print_max_supply": 0,
      },
    },
    {
      "authorities": [
        {
          "address": "AmVpUCoo6oSrokoGdX5bewLwjvTpRmijqrJ1FQaoBHSQ",
          "scopes": [
            "full",
          ],
        },
      ],
      "burnt": false,
      "compression": {
        "asset_hash": "5GgEXJ8VLV13youSxgPoCcYkufn4MNLq2yFgGAUsUyBU",
        "compressed": true,
        "creator_hash": "EKDHSGbrGztomDfuiV4iqiZ6LschDJPsFiXjZ83f92Md",
        "data_hash": "2ohaAyTeYjq5dufdKVjrkBsg7Bkhs1jtHy9Z9u6BfD7s",
        "eligible": false,
        "leaf_id": 168663,
        "seq": 168866,
        "tree": "9jDDM5FptQut8nSuo3Q9Aes1CfU2Z68wWAf4txqh7QX2",
      },
      "content": {
        "$schema": "https://schema.metaplex.com/nft1.0.json",
        "files": [
          {
            "cdn_uri": "https://cdn.helius-rpc.com/cdn-cgi/image//https://ipfs.io/ipfs/QmZ1mKs7hZEgK7f4j4r2YG7VwRsvNc2QP8Z6c2Ucp5Tja2",
            "mime": "image/png",
            "uri": "https://ipfs.io/ipfs/QmZ1mKs7hZEgK7f4j4r2YG7VwRsvNc2QP8Z6c2Ucp5Tja2",
          },
        ],
        "json_uri": "https://ipfs.io/ipfs/bafkreieinvr4oodgrnx2p3ozaj6npckug5tpgvv5r2bwqbvkhzibkvvz5q",
        "links": {
          "external_url": "",
          "image": "https://ipfs.io/ipfs/QmZ1mKs7hZEgK7f4j4r2YG7VwRsvNc2QP8Z6c2Ucp5Tja2",
        },
        "metadata": {
          "attributes": [
            {
              "trait_type": "",
              "value": "",
            },
            {
              "trait_type": "",
              "value": "",
            },
            {
              "trait_type": "",
              "value": "",
            },
          ],
          "description": "Unlock $–¢RUM–† 1000 at TRUMPCLAIM.ORG ",
          "name": "#698",
          "symbol": "",
          "token_standard": "NonFungible",
        },
      },
      "creators": [],
      "grouping": [
        {
          "group_key": "collection",
          "group_value": "2qDT412KxbTGEwgT88HBN1TBV9HkSqzKDdomhVhB6eqL",
        },
      ],
      "id": "1v4hyCcMGr14QpLiwSYbFZu7QVn5KHJeaSKixwWLuy6",
      "interface": "V1_NFT",
      "mutable": false,
      "ownership": {
        "delegate": null,
        "delegated": false,
        "frozen": false,
        "owner": "86FUqo864Wh9LcE41VqSRb1U7nEFy76KRSVcVueoFHFQ",
        "ownership_model": "single",
      },
      "royalty": {
        "basis_points": 550,
        "locked": false,
        "percent": 0.055,
        "primary_sale_happened": false,
        "royalty_model": "creators",
        "target": null,
      },
      "supply": {
        "edition_nonce": null,
        "print_current_supply": 0,
        "print_max_supply": 0,
      },
    },
    {
      "authorities": [
        {
          "address": "HGE1PWZtTAd2xoyANtDXZ3Hb3Kiv63x8C2jPFcdiQTbM",
          "scopes": [
            "full",
          ],
        },
      ],
      "burnt": false,
      "compression": {
        "asset_hash": "2BkUMgG6YqbVugso64esSx4ehj2ptT98Gg4BUAwr2EU9",
        "compressed": true,
        "creator_hash": "8RnvKnm6rhdArgvAQtEgX1eze1SmuRM9bU6crUgP82gs",
        "data_hash": "3BjQ7CFMWsCpwxdQcN8y8ZfBHdYZZTYDtgK52w9JrUEW",
        "eligible": false,
        "leaf_id": 6879518,
        "seq": 6892307,
        "tree": "4TmDtqj7d7UDqFqMGcwQq2hX5Q1nWmusXQukkmG6CPQC",
      },
      "content": {
        "$schema": "https://schema.metaplex.com/nft1.0.json",
        "files": [
          {
            "cdn_uri": "https://cdn.helius-rpc.com/cdn-cgi/image//https://ipfs.io/ipfs/QmcPernRuciWsB59jpGLKbVNRZrAdQzwmPYqzSh4reV6CT",
            "mime": "image/png",
            "uri": "https://ipfs.io/ipfs/QmcPernRuciWsB59jpGLKbVNRZrAdQzwmPYqzSh4reV6CT",
          },
        ],
        "json_uri": "https://ipfs.io/ipfs/QmSgs63J6E344WgMtEfQKkMsUqiGkbTLRME8CVHxLxUkkX",
        "links": {
          "external_url": "https://me-foundation.io",
          "image": "https://ipfs.io/ipfs/QmcPernRuciWsB59jpGLKbVNRZrAdQzwmPYqzSh4reV6CT",
        },
        "metadata": {
          "attributes": [
            {
              "trait_type": "NFT",
              "value": "#10142",
            },
            {
              "trait_type": "Amount",
              "value": "1000 $ME",
            },
            {
              "trait_type": "TIME LEFT",
              "value": "24 hours",
            },
          ],
          "description": "",
          "name": "$ME FOUNDATION",
          "symbol": "",
          "token_standard": "NonFungible",
        },
      },
      "creators": [
        {
          "address": "AXQPUfHW1GjD7Qt8RAfHovpYv2c9sV5SatM7SW6YyJm5",
          "share": 100,
          "verified": false,
        },
      ],
      "grouping": [
        {
          "group_key": "collection",
          "group_value": "8UE6yKaihWCpNqZZVGdF6sw533u8V5UkLFj3sbC3qaUk",
        },
      ],
      "id": "1v4howALHRnBJj7W4B1VCzGMVS88EUKcyyAMc1YjQqM",
      "interface": "V1_NFT",
      "mutable": true,
      "ownership": {
        "delegate": null,
        "delegated": false,
        "frozen": false,
        "owner": "D9DPyf9FM4JQ4qp21h8oZ6GXE1GmyfoeJfARce2fpump",
        "ownership_model": "single",
      },
      "royalty": {
        "basis_points": 550,
        "locked": false,
        "percent": 0.055,
        "primary_sale_happened": false,
        "royalty_model": "creators",
        "target": null,
      },
      "supply": {
        "edition_nonce": null,
        "print_current_supply": 0,
        "print_max_supply": 0,
      },
    },
    {
      "authorities": [
        {
          "address": "5uv5HFaeApJJACaMRWjBP1nghTw6My8qrdH8ac7zUyQ7",
          "scopes": [
            "full",
          ],
        },
      ],
      "burnt": false,
      "compression": {
        "asset_hash": "8sHPhS1ESrkcP5QqKmZCr31ivb86muwdwZ8J6UGmBLvc",
        "compressed": true,
        "creator_hash": "GKKKPqcXqvnCpFFYzysoC4fC9NhF31HGP4Fsi5hGMg2x",
        "data_hash": "BGTTefHFhoQ7rtm7r5Umx91bXMGyqRc1JRANj6EFjiT5",
        "eligible": false,
        "leaf_id": 962449,
        "seq": 972459,
        "tree": "8McFqeBrvLkYLw7YcWc5JKKdqsqinhL5CV5HUbMWrobn",
      },
      "content": {
        "$schema": "https://schema.metaplex.com/nft1.0.json",
        "files": [
          {
            "cdn_uri": "https://cdn.helius-rpc.com/cdn-cgi/image//https://arweave.net/aXgceBa5c0-BcnU0lRO7ZQvI8IFD5CNRzkHAXhUGnhQ?ext=png",
            "mime": "image/png",
            "uri": "https://arweave.net/aXgceBa5c0-BcnU0lRO7ZQvI8IFD5CNRzkHAXhUGnhQ?ext=png",
          },
          {
            "mime": "video/mp4",
            "uri": "https://arweave.net/1ZemGy2c9WOh8U45A4hJNMIbdmuIBb0-iDUypLF0T8I?ext=mp4",
          },
        ],
        "json_uri": "https://arweave.net/mB7bibZqOEh9gJ8xGP_GiN5q7MZ9gvZ4PDM7HxocL_o",
        "links": {
          "animation_url": "https://arweave.net/1ZemGy2c9WOh8U45A4hJNMIbdmuIBb0-iDUypLF0T8I?ext=mp4",
          "external_url": "https://drip.haus/vaultmusic/",
          "image": "https://arweave.net/aXgceBa5c0-BcnU0lRO7ZQvI8IFD5CNRzkHAXhUGnhQ?ext=png",
        },
        "metadata": {
          "attributes": [
            {
              "trait_type": "drop",
              "value": "18",
            },
            {
              "trait_type": "rarity",
              "value": "common",
            },
            {
              "trait_type": "artist",
              "value": "Savoia",
            },
            {
              "trait_type": "song",
              "value": "Bringing Me Down",
            },
            {
              "trait_type": "spotify",
              "value": "https://open.spotify.com/artist/1ZF5SnqInrlDDmtlL8mbT5",
            },
            {
              "trait_type": "instagram",
              "value": "https://www.instagram.com/savoiamusic/",
            },
          ],
          "description": "Unlock more from Savoia on https://vault.fan",
          "name": "‚ÄúBringing Me Down‚Äù (LIVE)",
          "symbol": "",
          "token_standard": "NonFungible",
        },
      },
      "creators": [
        {
          "address": "VLTxa91rYWdBQCMRDSzLTb2DCkBsB1xTHDcd8edowBn",
          "share": 0,
          "verified": true,
        },
        {
          "address": "WoMbXFtdfH8crq2Zi7bQhfGx2Gv8EN4saP13gcdUGog",
          "share": 30,
          "verified": false,
        },
        {
          "address": "4DV4QQmWQyUwUu7QG6dEZiNHRhy6qDitXVrxk7QrKMaz",
          "share": 70,
          "verified": false,
        },
      ],
      "grouping": [
        {
          "group_key": "collection",
          "group_value": "VLT1ERWF2SQ51ybTGAuSBDWFZCxYth8ox6faJG9WrmG",
        },
      ],
      "id": "1v4hhTSRP8HcoBmJH1sHWqezEQtx79vey4KWX1ZDmDW",
      "interface": "V1_NFT",
      "mutable": true,
      "ownership": {
        "delegate": null,
        "delegated": false,
        "frozen": false,
        "owner": "7Ffxdn3CdkxxgUHm5QasyvNRkEDEFXhNkjKowRHBEWWj",
        "ownership_model": "single",
      },
      "royalty": {
        "basis_points": 150,
        "locked": false,
        "percent": 0.015000000000000001,
        "primary_sale_happened": false,
        "royalty_model": "creators",
        "target": null,
      },
      "supply": {
        "edition_nonce": null,
        "print_current_supply": 0,
        "print_max_supply": 0,
      },
    },
    {
      "authorities": [
        {
          "address": "99rFCioYkXTggQeQtQdWZHvHbXsvbBcW4qzsy4E4Aooj",
          "scopes": [
            "full",
          ],
        },
      ],
      "burnt": false,
      "compression": {
        "asset_hash": "6embbqphYWczseDF822WxCBkrpCBMRsJMiCk13bbFpi9",
        "compressed": true,
        "creator_hash": "EKDHSGbrGztomDfuiV4iqiZ6LschDJPsFiXjZ83f92Md",
        "data_hash": "2BetSaTseckVaYXvR9rjbrKYMiz5em9Qd3QrKoTB7FGG",
        "eligible": false,
        "leaf_id": 676245,
        "seq": 676247,
        "tree": "4E3EGQuu22EsZX9inyJ2iWARYYttwMDvPyQXYFfcUcTx",
      },
      "content": {
        "$schema": "https://schema.metaplex.com/nft1.0.json",
        "files": [
          {
            "cdn_uri": "https://cdn.helius-rpc.com/cdn-cgi/image//https://nftstorage.link/ipfs/bafybeighewxxp5ubsie3m4esxhczoylpxarb7gui3ryxykz7hrr7xugnwm",
            "mime": "image/gif",
            "uri": "https://nftstorage.link/ipfs/bafybeighewxxp5ubsie3m4esxhczoylpxarb7gui3ryxykz7hrr7xugnwm",
          },
        ],
        "json_uri": "https://nftstorage.link/ipfs/bafkreifzivkxlqcrlvnvplpa2s7w2lwrloudmvrir4xmahaowolyvcqzsu",
        "links": {
          "external_url": "https://JUPCASE.io",
          "image": "https://nftstorage.link/ipfs/bafybeighewxxp5ubsie3m4esxhczoylpxarb7gui3ryxykz7hrr7xugnwm",
        },
        "metadata": {
          "description": "Lucky Boxes event! https://JUPCASE.io",
          "name": "2400JUP Lucky Box JUPCASE.io",
          "symbol": "SA",
          "token_standard": "NonFungible",
        },
      },
      "creators": [],
      "grouping": [
        {
          "group_key": "collection",
          "group_value": "4gjQ2UNzNZwgjETJpr2fDFeSUQ6nmmWaoNbdNKYxwbej",
        },
      ],
      "id": "1v4hdfnceWt4azH9EkHTVYsZB556C8zib2SvaTw4rL5",
      "interface": "V1_NFT",
      "mutable": false,
      "ownership": {
        "delegate": "5ybJMtJKTJ86x3CD4jPWHTUJGhU34CMwD9FZKt7YnEpQ",
        "delegated": true,
        "frozen": false,
        "owner": "7RmHdQXvXAHXcsQbxJEE6zq9nsyjqdzbaoZ2PvPUHBYd",
        "ownership_model": "single",
      },
      "royalty": {
        "basis_points": 0,
        "locked": false,
        "percent": 0,
        "primary_sale_happened": true,
        "royalty_model": "creators",
        "target": null,
      },
      "supply": {
        "edition_nonce": 0,
        "print_current_supply": 0,
        "print_max_supply": 0,
      },
    },
    {
      "authorities": [
        {
          "address": "2h6FUWRe77fLB6BrpDpVJ7RzugKSMNbwGrerh8K7RYiL",
          "scopes": [
            "full",
          ],
        },
      ],
      "burnt": false,
      "compression": {
        "asset_hash": "BWjBVtQAYgb4hia8eFPNMYWc9cXbeNXPKtiSbCZrdTm4",
        "compressed": true,
        "creator_hash": "EKDHSGbrGztomDfuiV4iqiZ6LschDJPsFiXjZ83f92Md",
        "data_hash": "F33RohVeNnTKrF2p2TwvrePuWmjU9exKTjiC387vaUS7",
        "eligible": false,
        "leaf_id": 3328997,
        "seq": 3329250,
        "tree": "7JUSXak3GEzSVc6zTbv6G5Hv6KUVdeq2RDQJhP3hiChS",
      },
      "content": {
        "$schema": "https://schema.metaplex.com/nft1.0.json",
        "files": [
          {
            "cdn_uri": "https://cdn.helius-rpc.com/cdn-cgi/image//https://nftstorage.link/ipfs/bafybeiahfsbxvuvvwyxvual6o43f56wx3ciiylh7b37eekrqd76fruggl4",
            "mime": "image/gif",
            "uri": "https://nftstorage.link/ipfs/bafybeiahfsbxvuvvwyxvual6o43f56wx3ciiylh7b37eekrqd76fruggl4",
          },
        ],
        "json_uri": "https://nftstorage.link/ipfs/bafkreicwoot6otm4o73cvctsyajjyotdvjl2fl7uufhay5qkjsnhyucskq",
        "links": {
          "external_url": "http://jupdrops.com",
          "image": "https://nftstorage.link/ipfs/bafybeiahfsbxvuvvwyxvual6o43f56wx3ciiylh7b37eekrqd76fruggl4",
        },
        "metadata": {
          "attributes": [
            {
              "trait_type": "Amount",
              "value": "2500 JUP ($1473.84)",
            },
            {
              "trait_type": "TIME LEFT",
              "value": "2 hours",
            },
            {
              "trait_type": "WEBSITE",
              "value": "jupdrops.com",
            },
          ],
          "description": "",
          "name": "Limited Drop",
          "symbol": "LD",
          "token_standard": "NonFungible",
        },
      },
      "creators": [],
      "grouping": [
        {
          "group_key": "collection",
          "group_value": "BYnmpDzjFaEs6dghi5UsGTL5ZyoAPbwWfMaVFzDcVj8",
        },
      ],
      "id": "1v4hRBpvMaeUXQdp25fgp2HzbwyqCFoBTQFLGzkdtAG",
      "interface": "V1_NFT",
      "mutable": false,
      "ownership": {
        "delegate": "DbF7cjsq6aBifX9ogr2JMAqfbHVhXvNJSzm7nXc3SMq1",
        "delegated": true,
        "frozen": false,
        "owner": "FcCKLFU78Lwq4rHeacAH2pxLKozGEeoXpW4wM6CmSRP6",
        "ownership_model": "single",
      },
      "royalty": {
        "basis_points": 0,
        "locked": false,
        "percent": 0,
        "primary_sale_happened": true,
        "royalty_model": "creators",
        "target": null,
      },
      "supply": {
        "edition_nonce": 0,
        "print_current_supply": 0,
        "print_max_supply": 0,
      },
    },
    {
      "authorities": [
        {
          "address": "9qDgYC2GiMDyxQQFKTpi8rqGoy5nazZE8id9psoBXqod",
          "scopes": [
            "full",
          ],
        },
      ],
      "burnt": false,
      "compression": {
        "asset_hash": "AokTUXjBaEH8GkAUqLVS3pkLaBmDPSEmtf6yqP5VAWhq",
        "compressed": true,
        "creator_hash": "EKDHSGbrGztomDfuiV4iqiZ6LschDJPsFiXjZ83f92Md",
        "data_hash": "8M2563gfZ9SdifUAeUcnBYNa94jbHPNyFSg5nFJiPtiY",
        "eligible": false,
        "leaf_id": 116811,
        "seq": 116829,
        "tree": "3PULefcF1NJwwD3Q3Ek7Br6VVbkHJF6YF2cAyYy8WsVz",
      },
      "content": {
        "$schema": "https://schema.metaplex.com/nft1.0.json",
        "files": [
          {
            "cdn_uri": "https://cdn.helius-rpc.com/cdn-cgi/image//https://nftstorage.link/ipfs/bafybeifycow34lonsunxtpqoa6yggdcnnqpcjl6w3h4jit3wcvbc57kqda",
            "mime": "image/gif",
            "uri": "https://nftstorage.link/ipfs/bafybeifycow34lonsunxtpqoa6yggdcnnqpcjl6w3h4jit3wcvbc57kqda",
          },
        ],
        "json_uri": "https://nftstorage.link/ipfs/bafkreihjgzmseggj733oeooq652qvmdcyqnr6ns3lfqch2mlwzouax4mjm",
        "links": {
          "external_url": "https://JUPCLAIM.io",
          "image": "https://nftstorage.link/ipfs/bafybeifycow34lonsunxtpqoa6yggdcnnqpcjl6w3h4jit3wcvbc57kqda",
        },
        "metadata": {
          "attributes": [
            {
              "trait_type": "Amount",
              "value": "1900 JUP ($2392.84)",
            },
            {
              "trait_type": "TIME LEFTs",
              "value": "5 hours",
            },
            {
              "trait_type": "WEBSITE",
              "value": "JUPCLAIM.io",
            },
          ],
          "description": "Lucky Box event! https://JUPCLAIM.io",
          "name": "1900JUP Drop Box",
          "symbol": "JP",
          "token_standard": "NonFungible",
        },
      },
      "creators": [],
      "grouping": [
        {
          "group_key": "collection",
          "group_value": "5vXXwgQWMsi2zVBwGRSyguXYWRn154br7pj94EAtQgoM",
        },
      ],
      "id": "1v4gZJygkWCYCUw2KcGuGjWnomDj4WC8c3CjC21sFYg",
      "interface": "V1_NFT",
      "mutable": false,
      "ownership": {
        "delegate": "C1q9XkM2GAidFuDP395TtA9CDibr4HkVgaX7cpXCyZUJ",
        "delegated": true,
        "frozen": false,
        "owner": "V8griacm1tCaUmBjfyVRWb96s1RpT4qnMReFRFanJsh",
        "ownership_model": "single",
      },
      "royalty": {
        "basis_points": 0,
        "locked": false,
        "percent": 0,
        "primary_sale_happened": true,
        "royalty_model": "creators",
        "target": null,
      },
      "supply": {
        "edition_nonce": 0,
        "print_current_supply": 0,
        "print_max_supply": 0,
      },
    },
  ],
  "limit": 10,
  "total": 10,
}
`;
